Microchip MPLAB XC8 Compiler V3.00

Linker command line:

-W-3 \
  --edf=C:\Program Files\Microchip\xc8\v3.00\pic\dat\20241204225717_en.msgs \
  -cn -h+dist/default/production\Micro-oven.X.production.sym \
  --cmf=dist/default/production\Micro-oven.X.production.cmf -z -Q16F877A \
  -oC:\Users\PRIYAM~1\AppData\Local\Temp\xcAs11o8.\driver_tmp_3.o \
  --defsym=__MPLAB_BUILD=1 --fixupoverflow=error \
  -Mdist/default/production/Micro-oven.X.production.map \
  --md=C:\Users\PRIYAM~1\AppData\Local\Temp\xcAs11o8.\driver_tmp_0.dat -E1 \
  -ver=XC8 Compiler -ACODE=00h-07FFhx4 -ASTRCODE=00h-01FFFh \
  -ASTRING=00h-0FFhx32 -ACONST=00h-0FFhx32 -AENTRY=00h-0FFhx32 \
  -ACOMMON=070h-07Fh -ABANK0=020h-06Fh -ABANK1=0A0h-0EFh \
  -ABANK2=0110h-016Fh -ABANK3=0190h-01EFh \
  -ARAM=020h-06Fh,0A0h-0EFh,0110h-016Fh,0190h-01EFh \
  -AABS1=020h-07Fh,0A0h-0EFh,0110h-016Fh,0190h-01EFh -ASFR0=00h-01Fh \
  -ASFR1=080h-09Fh -ASFR2=0100h-010Fh -ASFR3=0180h-018Fh \
  -ACONFIG=02007h-02007h -DCONFIG=2 -AIDLOC=02000h-02003h -DIDLOC=2 \
  -AEEDATA=00h-0FFh/02100h -peeprom_data=EEDATA -DEEDATA=2 -DCODE=2 \
  -DSTRCODE=2 -DSTRING=2 -DCONST=2 -DENTRY=2 \
  -preset_vec=00h,intentry=04h,sivt,init,end_init -ppowerup=CODE \
  -pcinit=CODE -pfunctab=ENTRY -k \
  C:\Users\PRIYAM~1\AppData\Local\Temp\xcAs11o8.\driver_tmp_12.o \
  dist/default/production\Micro-oven.X.production.o 

Object code version is 3.11

Machine type is 16F877A



                Name                               Link     Load   Length Selector   Space Scale
C:\Users\PRIYAM~1\AppData\Local\Temp\xcAs11o8.\driver_tmp_12.o
                end_init                              C        C        3        8       0
                reset_vec                             0        0        3        0       0
                config                             2007     2007        1        0       4
dist/default/production\Micro-oven.X.production.o
                cinit                                 F        F       2B        8       0
                intentry                              4        4        8        8       0
                config                             2007     2007        1        0       4
                text20                              EE8      EE8       35     1DD0       0
                text19                              F1D      F1D       36     1E3A       0
                text18                              F53      F53       54     1EA6       0
                text17                              E1A      E1A        B     1C34       0
                text16                              E32      E32       10     1C64       0
                text15                              E25      E25        D     1C4A       0
                text14                              E55      E55       1E     1CAA       0
                text13                              E73      E73       25     1CE6       0
                text12                              E98      E98       25     1D30       0
                text11                              4EB      4EB       15        8       0
                text10                              785      785       6A      BE4       0
                text9                               6CA      6CA       BB      BE4       0
                text8                               EBD      EBD       2B     1D7A       0
                text7                               488      488       63        8       0
                text6                               FA7      FA7       59     1F4E       0
                text5                               E42      E42       13     1C84       0
                text4                               7EF      7EF       11      BE4       0
                text3                                3A       3A      19A        8       0
                text2                               33D      33D      14B        8       0
                text1                               5F2      5F2       D8      BE4       0
                maintext                            1D4      1D4      169        8       0
                cstackBANK0                          20       20       13       20       1
                cstackCOMMON                         70       70        A       70       1
                dataBANK0                            40       40        4       20       1
                bssBANK0                             33       33        D       20       1
                bssCOMMON                            7A       7A        2       70       1
                strings                             500      500       F2      A00       0
                idataBANK0                          E16      E16        4     1C2C       0

TOTAL           Name                               Link     Load   Length     Space
        CLASS   CODE           
                end_init                              C        C        3         0
                cinit                                 F        F       2B         0
                intentry                              4        4        8         0
                reset_vec                             0        0        3         0
                text20                              EE8      EE8       35         0
                text19                              F1D      F1D       36         0
                text18                              F53      F53       54         0
                text17                              E1A      E1A        B         0
                text16                              E32      E32       10         0
                text15                              E25      E25        D         0
                text14                              E55      E55       1E         0
                text13                              E73      E73       25         0
                text12                              E98      E98       25         0
                text11                              4EB      4EB       15         0
                text10                              785      785       6A         0
                text9                               6CA      6CA       BB         0
                text8                               EBD      EBD       2B         0
                text7                               488      488       63         0
                text6                               FA7      FA7       59         0
                text5                               E42      E42       13         0
                text4                               7EF      7EF       11         0
                text3                                3A       3A      19A         0
                text2                               33D      33D      14B         0
                text1                               5F2      5F2       D8         0
                maintext                            1D4      1D4      169         0
                idataBANK0                          E16      E16        4         0

        CLASS   STRCODE        

        CLASS   STRING         
                strings                             500      500       F2         0

        CLASS   CONST          

        CLASS   ENTRY          

        CLASS   COMMON         
                cstackCOMMON                         70       70        A         1
                bssCOMMON                            7A       7A        2         1

        CLASS   BANK0          
                cstackBANK0                          20       20       13         1
                dataBANK0                            40       40        4         1
                bssBANK0                             33       33        D         1

        CLASS   BANK1          

        CLASS   BANK2          

        CLASS   BANK3          

        CLASS   RAM            

        CLASS   ABS1           
                abs_s1                               7E       7E        2         1

        CLASS   SFR0           

        CLASS   SFR1           

        CLASS   SFR2           

        CLASS   SFR3           

        CLASS   CONFIG         
                config                             2007     2007        1         4

        CLASS   IDLOC          

        CLASS   EEDATA         

        CLASS   HEAP           

        CLASS   STACK          



SEGMENTS        Name                           Load    Length   Top    Selector   Space  Class     Delta

                reset_vec                      000000  000003  000003         0       0  CODE        2
                intentry                       000004  0004FC  000500         8       0  CODE        2
                cstackBANK0                    000020  000024  000044        20       1  BANK0       1
                cstackCOMMON                   000070  00000C  00007C        70       1  COMMON      1
                strings                        000500  0000F2  0005F2       A00       0  STRING      2
                text1                          0005F2  00020E  000800       BE4       0  CODE        2
                idataBANK0                     000E16  000004  000E1A      1C2C       0  CODE        2
                text17                         000E1A  00000B  000E25      1C34       0  CODE        2
                text15                         000E25  00000D  000E32      1C4A       0  CODE        2
                text16                         000E32  000010  000E42      1C64       0  CODE        2
                text5                          000E42  000013  000E55      1C84       0  CODE        2
                text14                         000E55  00001E  000E73      1CAA       0  CODE        2
                text13                         000E73  000025  000E98      1CE6       0  CODE        2
                text12                         000E98  000025  000EBD      1D30       0  CODE        2
                text8                          000EBD  00002B  000EE8      1D7A       0  CODE        2
                text20                         000EE8  000035  000F1D      1DD0       0  CODE        2
                text19                         000F1D  000036  000F53      1E3A       0  CODE        2
                text18                         000F53  000054  000FA7      1EA6       0  CODE        2
                text6                          000FA7  000059  001000      1F4E       0  CODE        2


UNUSED ADDRESS RANGES

        Name                Unused          Largest block    Delta
        BANK0            0044-006F             2C           1
        BANK1            00A0-00EF             50           1
        BANK2            0110-016F             60           1
        BANK3            0190-01EF             60           1
        CODE             0003-0003              1           2
                         0800-0E15            616
                         1000-1FFF            800
        COMMON           007C-007D              2           1
        CONST            0003-0003              1           2
                         0800-0E15            100
                         1000-1FFF            100
        EEDATA           2100-21FF            100           2
        ENTRY            0003-0003              1           2
                         0800-0E15            100
                         1000-1FFF            100
        IDLOC            2000-2003              4           2
        RAM              0044-006F             2C           1
                         00A0-00EF             50
                         0110-016F             60
                         0190-01EF             60
        SFR0             0000-001F             20           1
        SFR1             0080-009F             20           1
        SFR2             0100-010F             10           1
        SFR3             0180-018F             10           1
        STRCODE          0003-0003              1           2
                         0800-0E15            616
                         1000-1FFF           1000
        STRING           0003-0003              1           2
                         0800-0E15            100
                         1000-1FFF            100

                                  Symbol Table

?___awdiv                  cstackCOMMON 0072
?___awmod                  cstackBANK0  0020
_GIE                       (abs)        005F
_PEIE                      (abs)        005E
_PORTD                     (abs)        0008
_PR2                       (abs)        0092
_RB0                       (abs)        0030
_RB1                       (abs)        0031
_RB2                       (abs)        0032
_RC1                       (abs)        0039
_RC2                       (abs)        003A
_RD0                       (abs)        0040
_RD1                       (abs)        0041
_RD2                       (abs)        0042
_RD3                       (abs)        0043
_RE1                       (abs)        0049
_RE2                       (abs)        004A
_T2CKPS0                   (abs)        0090
_T2CKPS1                   (abs)        0091
_TMR2IE                    (abs)        0461
_TMR2IF                    (abs)        0061
_TMR2ON                    (abs)        0092
_TRISB                     (abs)        0086
_TRISC1                    (abs)        0439
_TRISC2                    (abs)        043A
_TRISD                     (abs)        0088
_TRISE1                    (abs)        0449
_TRISE2                    (abs)        044A
__H__absolute__            __absolute__ 0000
__Habs1                    abs1         0000
__Hbank0                   bank0        0000
__Hbank1                   bank1        0000
__Hbank2                   bank2        0000
__Hbank3                   bank3        0000
__HbssBANK0                bssBANK0     0000
__HbssCOMMON               bssCOMMON    0000
__Hcinit                   cinit        003A
__Hclrtext                 clrtext      0000
__Hcode                    code         0000
__Hcommon                  common       0000
__Hconfig                  config       2008
__HcstackBANK0             cstackBANK0  0000
__HcstackCOMMON            cstackCOMMON 0000
__HdataBANK0               dataBANK0    0000
__Heeprom_data             eeprom_data  0000
__Hend_init                end_init     000F
__Hfunctab                 functab      0000
__Hheap                    heap         0000
__HidataBANK0              idataBANK0   0000
__Hinit                    init         000C
__Hintentry                intentry     000C
__Hmaintext                maintext     0000
__Hpowerup                 powerup      0000
__Hram                     ram          0000
__Hreset_vec               reset_vec    0003
__Hsfr0                    sfr0         0000
__Hsfr1                    sfr1         0000
__Hsfr2                    sfr2         0000
__Hsfr3                    sfr3         0000
__Hsivt                    sivt         000C
__Hspace_0                 (abs)        1000
__Hspace_1                 (abs)        007C
__Hspace_2                 (abs)        0000
__Hspace_3                 (abs)        0000
__Hspace_4                 (abs)        400F
__Hstack                   stack        0000
__Hstrings                 strings      0000
__Htext                    text         0000
__L__absolute__            __absolute__ 0000
__Labs1                    abs1         0000
__Lbank0                   bank0        0000
__Lbank1                   bank1        0000
__Lbank2                   bank2        0000
__Lbank3                   bank3        0000
__LbssBANK0                bssBANK0     0000
__LbssCOMMON               bssCOMMON    0000
__Lcinit                   cinit        000F
__Lclrtext                 clrtext      0000
__Lcode                    code         0000
__Lcommon                  common       0000
__Lconfig                  config       0000
__LcstackBANK0             cstackBANK0  0000
__LcstackCOMMON            cstackCOMMON 0000
__LdataBANK0               dataBANK0    0000
__Leeprom_data             eeprom_data  0000
__Lend_init                end_init     000C
__Lfunctab                 functab      0000
__Lheap                    heap         0000
__LidataBANK0              idataBANK0   0000
__Linit                    init         000C
__Lintentry                intentry     0004
__Lmaintext                maintext     0000
__Lpowerup                 powerup      0000
__Lram                     ram          0000
__Lreset_vec               reset_vec    0000
__Lsfr0                    sfr0         0000
__Lsfr1                    sfr1         0000
__Lsfr2                    sfr2         0000
__Lsfr3                    sfr3         0000
__Lsivt                    sivt         000C
__Lspace_0                 (abs)        0000
__Lspace_1                 (abs)        0000
__Lspace_2                 (abs)        0000
__Lspace_3                 (abs)        0000
__Lspace_4                 (abs)        0000
__Lstack                   stack        0000
__Lstrings                 strings      0000
__Ltext                    text         0000
__S0                       (abs)        1000
__S1                       (abs)        007C
__S3                       (abs)        0000
___awdiv                   text7        0488
___awdiv@counter           cstackCOMMON 0076
___awdiv@dividend          cstackCOMMON 0074
___awdiv@divisor           cstackCOMMON 0072
___awdiv@quotient          cstackCOMMON 0078
___awdiv@sign              cstackCOMMON 0077
___awmod                   text6        0FA7
___awmod@counter           cstackBANK0  0024
___awmod@dividend          cstackBANK0  0022
___awmod@divisor           cstackBANK0  0020
___awmod@sign              cstackBANK0  0025
___bmul                    text5        0E42
___bmul@multiplicand       cstackCOMMON 0072
___bmul@multiplier         cstackCOMMON 0074
___bmul@product            cstackCOMMON 0073
___heap_hi                 (abs)        0000
___heap_lo                 (abs)        0000
___int_sp                  stack        0000
___int_stack_hi            stack        0000
___int_stack_lo            stack        0000
___latbits                 (abs)        0002
___sp                      stack        0000
___stack_hi                stack        0000
___stack_lo                stack        0000
___stackhi                 (abs)        0000
___stacklo                 (abs)        0000
__end_of___awdiv           text7        04EB
__end_of___awmod           text6        1000
__end_of___bmul            text5        0E55
__end_of__initialization   cinit        0036
__end_of__stringtab        strings      0506
__end_of_clcd_ch           text11       0500
__end_of_clcd_print        text13       0E98
__end_of_clcd_write        text19       0F53
__end_of_clear_screen      text4        0800
__end_of_init_clcd         text17       0E25
__end_of_init_config       text14       0E73
__end_of_init_disp_control text18       0FA7
__end_of_init_matrix       text16       0E42
__end_of_init_timer2       text15       0E32
__end_of_isr               text20       0F1D
__end_of_main              maintext     033D
__end_of_menu              text12       0EBD
__end_of_power_screen      text10       07EF
__end_of_read_key          text8        0EE8
__end_of_scan_key          text9        0785
__end_of_set_temp          text3        01D4
__end_of_set_time          text2        0488
__end_of_time_screen       text1        06CA
__initialization           cinit        000F
__pbssBANK0                bssBANK0     0033
__pbssCOMMON               bssCOMMON    007A
__pcstackBANK0             cstackBANK0  0020
__pcstackCOMMON            cstackCOMMON 0070
__pdataBANK0               dataBANK0    0040
__pidataBANK0              idataBANK0   0E16
__pintentry                intentry     0004
__pmaintext                maintext     01D4
__pstrings                 strings      0500
__ptext1                   text1        05F2
__ptext10                  text10       0785
__ptext11                  text11       04EB
__ptext12                  text12       0E98
__ptext13                  text13       0E73
__ptext14                  text14       0E55
__ptext15                  text15       0E25
__ptext16                  text16       0E32
__ptext17                  text17       0E1A
__ptext18                  text18       0F53
__ptext19                  text19       0F1D
__ptext2                   text2        033D
__ptext20                  text20       0EE8
__ptext3                   text3        003A
__ptext4                   text4        07EF
__ptext5                   text5        0E42
__ptext6                   text6        0FA7
__ptext7                   text7        0488
__ptext8                   text8        0EBD
__ptext9                   text9        06CA
__stringbase               strings      0505
__stringtab                strings      0500
_clcd_ch                   text11       04EB
_clcd_print                text13       0E73
_clcd_write                text19       0F1D
_clear_screen              text4        07EF
_flag                      bssBANK0     003D
_init_clcd                 text17       0E1A
_init_config               text14       0E55
_init_disp_control         text18       0F53
_init_matrix               text16       0E32
_init_timer2               text15       0E25
_isr                       text20       0EE8
_main                      maintext     01D4
_menu                      text12       0E98
_min                       bssBANK0     003E
_nRBPU                     (abs)        040F
_operation_flag            dataBANK0    0042
_power_screen              text10       0785
_read_key                  text8        0EBD
_scan_key                  text9        06CA
_sec                       bssBANK0     003F
_set_temp                  text3        003A
_set_time                  text2        033D
_time_screen               text1        05F2
btemp                      (abs)        007E
clcd_ch@addr               cstackBANK0  0026
clcd_ch@data               cstackBANK0  0027
clcd_print@addr            cstackCOMMON 0077
clcd_print@str             cstackCOMMON 0076
clcd_write@byte            cstackCOMMON 0075
clcd_write@mode            cstackCOMMON 0072
end_of_initialization      cinit        0036
interrupt_function         intentry     0004
intlevel0                  functab      0000
intlevel1                  functab      0000
intlevel2                  functab      0000
intlevel3                  functab      0000
intlevel4                  functab      0000
intlevel5                  functab      0000
isr@count                  bssCOMMON    007A
main@key                   cstackBANK0  0032
main@reset_flag            cstackBANK0  0030
power_screen@i             cstackBANK0  002B
read_key@MODE              cstackCOMMON 0074
read_key@key               cstackCOMMON 0075
read_key@once              dataBANK0    0040
reset_vec                  reset_vec    0000
saved_w                    (abs)        007E
scan_key@i                 cstackCOMMON 0072
set_temp@blink             bssBANK0     0038
set_temp@key               cstackBANK0  002C
set_temp@key_count         bssBANK0     0039
set_temp@reset_flag        cstackBANK0  0028
set_temp@temp              bssBANK0     0037
set_temp@wait              bssBANK0     0033
set_time@blink             bssBANK0     003A
set_time@blink_pos         bssBANK0     003B
set_time@key               cstackBANK0  002C
set_time@key_count         bssBANK0     003C
set_time@reset_flag        cstackBANK0  0028
set_time@wait              bssBANK0     0035
start                      init         000C
start_initialization       cinit        000F
wtemp0                     (abs)        007E


MODULE INFORMATION

Module		Function		Class		Link	Load	Size
timers.c
		_init_timer2   		CODE           	0E25	0000	13

timers.c estimated size: 13

matrix_keypad.c
		_init_matrix   		CODE           	0E32	0000	16
		_scan_key      		CODE           	06CA	0000	187
		_read_key      		CODE           	0EBD	0000	43

matrix_keypad.c estimated size: 246

C:\Program Files\Microchip\xc8\v3.00\pic\sources\c99\common\awmod.c
		___awmod       		CODE           	0FA7	0000	89

C:\Program Files\Microchip\xc8\v3.00\pic\sources\c99\common\awmod.c estimated size: 89

isr.c
		_isr           		CODE           	0EE8	0000	53

isr.c estimated size: 53

shared
		__stringtab    		STRING         	0500	0000	6
		__initialization		CODE           	000F	0000	39

shared estimated size: 45

clcd.c
		_clcd_write    		CODE           	0F1D	0000	54
		_clcd_ch       		CODE           	04EB	0000	21
		_init_disp_control		CODE           	0F53	0000	84
		_clcd_print    		CODE           	0E73	0000	37
		_init_clcd     		CODE           	0E1A	0000	11

clcd.c estimated size: 207

C:\Program Files\Microchip\xc8\v3.00\pic\sources\c99\common\awdiv.c
		___awdiv       		CODE           	0488	0000	99

C:\Program Files\Microchip\xc8\v3.00\pic\sources\c99\common\awdiv.c estimated size: 99

main.c
		_menu          		CODE           	0E98	0000	37
		_main          		CODE           	01D4	0000	361
		_set_temp      		CODE           	003A	0000	410
		_clear_screen  		CODE           	07EF	0000	17
		_set_time      		CODE           	033D	0000	331
		_init_config   		CODE           	0E55	0000	30
		_power_screen  		CODE           	0785	0000	106
		_time_screen   		CODE           	05F2	0000	216

main.c estimated size: 1508

C:\Program Files\Microchip\xc8\v3.00\pic\sources\c99\common\Umul8.c
		___bmul        		CODE           	0E42	0000	19

C:\Program Files\Microchip\xc8\v3.00\pic\sources\c99\common\Umul8.c estimated size: 19

